// Jest Snapshot v1, https://goo.gl/fbAQLP

exports[`renders correctly 1`] = `
<Adapter
  className="content"
  style={
    Object {
      "background": "#fff",
      "borderBottomColor": "#981616",
      "borderBottomStyle": "solid",
      "borderBottomWidth": "2px",
      "margin": "0 auto 50px",
      "padding": "10px 10px",
    }
  }
>
  <main>
    <Switch>
      <Route
        component={[Function]}
        exact={true}
        path="/"
      />
      <Route
        component={[Function]}
        exact={true}
        path="/quicklooks/"
      />
      <Route
        component={[Function]}
        exact={true}
        path="/features"
      />
      <Route
        component={[Function]}
        exact={true}
        path="/bombcasts"
      />
    </Switch>
  </main>
</Adapter>
`;
