// Jest Snapshot v1, https://goo.gl/fbAQLP

exports[`renders correctly 1`] = `
<Adapter
  className="content"
  style={
    Object {
      "background": "#fff",
      "margin": "0 auto 50px",
      "padding": "10px 10px",
    }
  }
>
  <main>
    <Route
      component={[Function]}
      exact={true}
      path="/"
    />
    <Route
      component={[Function]}
      path="/quicklooks"
    />
    <Route
      component={[Function]}
      path="/features"
    />
    <Route
      component={[Function]}
      path="/bombcasts"
    />
  </main>
</Adapter>
`;
