// Jest Snapshot v1, https://goo.gl/fbAQLP

exports[`renders correctly 1`] = `
<Adapter
  style={
    Object {
      "color": "#fff",
      "marginBottom": "45px",
      "padding": "0",
      "textAlign": "center",
    }
  }
>
  <p
    style={
      Object {
        "margin": "0 auto",
      }
    }
  >
    Giant Bomb Streamlined Created by Ben Lee
  </p>
  <p
    style={
      Object {
        "margin": "0 auto",
      }
    }
  >
    Created using the 
    <a
      href="https://www.giantbomb.com"
    >
      Giant Bomb
    </a>
     API
  </p>
</Adapter>
`;
